// Jest Snapshot v1, https://goo.gl/fbAQLP

exports[`Navigation Navigation component should render without throwing an error 1`] = `
<IntlProvider
  locale="en"
  messages={
    Object {
      "content": Object {
        "common": Object {
          "nav": Object {
            "home": "Home",
            "manageBooking": "Manage Booking",
            "myAccount": "My Account",
          },
          "navFooter": Object {},
          "title": "Fly Better",
        },
        "pageFlightRoutes": Object {
          "card": Object {
            "arrivalTitle": "Arrival",
            "ctaTitle": "Select",
            "departureTitle": "Departure",
          },
          "resultsTitle": "Search Results",
          "title": "Flight Routes",
        },
        "seo": Object {},
      },
    }
  }
>
  <Navigation />
</IntlProvider>
`;
