// Jest Snapshot v1, https://goo.gl/fbAQLP

exports[`Footer Footer component should render without throwing an error 1`] = `
<footer
  className="footer"
>
  <a
    href="https://vercel.com?utm_source=create-next-app&utm_medium=default-template&utm_campaign=create-next-app"
    rel="noopener noreferrer"
    target="_blank"
  >
    Powered by
     
    <span
      className="logo"
    >
      <Image1
        alt="Vercel Logo"
        height={16}
        src="/vercel.svg"
        width={72}
      />
    </span>
  </a>
</footer>
`;
